[backblue.gif]
[fade.gif]
[index.html]
[educationwithwork.wixsite.com/index/c.0.delayed]
[educationwithwork.wixsite.com/index/t.1.delayed]
[educationwithwork.wixsite.com/index/blog-feed.xml]
[educationwithwork.wixsite.com/index.html]
[educationwithwork.wixsite.com/index/robots.9.delayed]
[educationwithwork.wixsite.com/index/sitemap.a.delayed]
[educationwithwork.wixsite.com/index/feed.b.delayed]
[educationwithwork.wixsite.com/index/${i.c.delayed]
[educationwithwork.wixsite.com/index/decodeURIComponent(e.d.delayed]
[educationwithwork.wixsite.com/index/index.html]
[educationwithwork.wixsite.com/index/c.html]
[educationwithwork.wixsite.com/index/t.html]
[educationwithwork.wixsite.com/index.html]
[educationwithwork.wixsite.com/c.e.delayed]
[educationwithwork.wixsite.com/t.f.delayed]
[educationwithwork.wixsite.com/robots.txt]
[educationwithwork.wixsite.com/sitemap.11.delayed]
[educationwithwork.wixsite.com/feed.12.delayed]
[educationwithwork.wixsite.com/${i.13.delayed]
[educationwithwork.wixsite.com/decodeURIComponent(e.14.delayed]
[educationwithwork.wixsite.com/index-2.html]
[educationwithwork.wixsite.com/index/about.html]
[educationwithwork.wixsite.com/index/my-blog.html]
[educationwithwork.wixsite.com/index/post/c.html]
[educationwithwork.wixsite.com/index/post/t.16.delayed]
[educationwithwork.wixsite.com/index/post/robots.17.delayed]
[educationwithwork.wixsite.com/index/post/sitemap.18.delayed]
[educationwithwork.wixsite.com/index/post/feed.19.delayed]
[educationwithwork.wixsite.com/index/post/${i.1a.delayed]
[educationwithwork.wixsite.com/index/post/decodeURIComponent(e.1b.delayed]
[educationwithwork.wixsite.com/index/post/what-are-the-upcoming-cybersecurity-trends-to-watch-out-for-in-2022.html]
[educationwithwork.wixsite.com/index/post/how-to-choose-the-best-programming-language-for-beginners.html]
[educationwithwork.wixsite.com/index/post/the-latest-trends-in-cybersecurity-for-2021.html]
[educationwithwork.wixsite.com/index/robots.html]
[educationwithwork.wixsite.com/index/sitemap.html]
[educationwithwork.wixsite.com/index/feed.html]
[educationwithwork.wixsite.com/index/${i.html]
[educationwithwork.wixsite.com/index/decodeURIComponent(e.html]
[educationwithwork.wixsite.com/c.html]
[educationwithwork.wixsite.com/t.html]
[educationwithwork.wixsite.com/sitemap.html]
[educationwithwork.wixsite.com/feed.html]
[educationwithwork.wixsite.com/${i.html]
[educationwithwork.wixsite.com/decodeURIComponent(e.html]
[educationwithwork.wixsite.com/index/post/c.html]
[educationwithwork.wixsite.com/index/post/t.html]
[educationwithwork.wixsite.com/index/post/robots.html]
[educationwithwork.wixsite.com/index/post/sitemap.html]
[educationwithwork.wixsite.com/index/post/feed.html]
[educationwithwork.wixsite.com/index/post/${i.html]
[educationwithwork.wixsite.com/index/post/decodeURIComponent(e.html]
