[educationwithwork.wixsite.com/index/index.html]
[backblue.gif]
[fade.gif]
[index.html]
[educationwithwork.wixsite.com/index/c.0.delayed]
[educationwithwork.wixsite.com/index/t.1.delayed]
[educationwithwork.wixsite.com/index.html]
[educationwithwork.wixsite.com/index/blog-feed.xml]
[educationwithwork.wixsite.com/index-2.html]
[educationwithwork.wixsite.com/index/about.html]
[educationwithwork.wixsite.com/index/post/5-smart-ways-to-save-money-every-month.html]
[educationwithwork.wixsite.com/index/robots.7.delayed]
[educationwithwork.wixsite.com/index/sitemap.8.delayed]
[educationwithwork.wixsite.com/index/feed.9.delayed]
[educationwithwork.wixsite.com/index/my-blog.html]
[educationwithwork.wixsite.com/index/${i.a.delayed]
[educationwithwork.wixsite.com/index/decodeURIComponent(e.b.delayed]
[educationwithwork.wixsite.com/index/index.html]
[educationwithwork.wixsite.com/index/c.html]
[educationwithwork.wixsite.com/index/t.html]
[educationwithwork.wixsite.com/index.html]
[educationwithwork.wixsite.com/c.c.delayed]
[educationwithwork.wixsite.com/t.d.delayed]
[educationwithwork.wixsite.com/sitemap.f.delayed]
[educationwithwork.wixsite.com/robots.txt]
[educationwithwork.wixsite.com/feed.10.delayed]
[educationwithwork.wixsite.com/${i.11.delayed]
[educationwithwork.wixsite.com/decodeURIComponent(e.12.delayed]
[educationwithwork.wixsite.com/index-2.html]
[educationwithwork.wixsite.com/index/about.html]
[educationwithwork.wixsite.com/index/my-blog.html]
[educationwithwork.wixsite.com/index/post/c.13.delayed]
[educationwithwork.wixsite.com/index/post/t.html]
[educationwithwork.wixsite.com/index/post/robots.15.delayed]
[educationwithwork.wixsite.com/index/post/sitemap.16.delayed]
[educationwithwork.wixsite.com/index/post/feed.17.delayed]
[educationwithwork.wixsite.com/index/post/decodeURIComponent(e.19.delayed]
[educationwithwork.wixsite.com/index/post/5-smart-ways-to-save-money-every-month.html]
[educationwithwork.wixsite.com/index/robots.html]
[educationwithwork.wixsite.com/index/sitemap.html]
[educationwithwork.wixsite.com/index/feed.html]
[educationwithwork.wixsite.com/index/${i.html]
[educationwithwork.wixsite.com/index/decodeURIComponent(e.html]
[educationwithwork.wixsite.com/c.html]
[educationwithwork.wixsite.com/t.html]
[educationwithwork.wixsite.com/sitemap.html]
[educationwithwork.wixsite.com/feed.html]
[educationwithwork.wixsite.com/${i.html]
[educationwithwork.wixsite.com/decodeURIComponent(e.html]
[educationwithwork.wixsite.com/index/post/c.html]
[educationwithwork.wixsite.com/index/post/t.html]
[educationwithwork.wixsite.com/index/post/robots.html]
[educationwithwork.wixsite.com/index/post/sitemap.html]
[educationwithwork.wixsite.com/index/post/feed.html]
[educationwithwork.wixsite.com/index/post/${i.html]
[educationwithwork.wixsite.com/index/post/${i.html]
[educationwithwork.wixsite.com/index/post/decodeURIComponent(e.html]
